
> temple-platform@0.0.0 test:suite
> ts-node --compiler-options "{\"module\":\"CommonJS\"}" test-suite/run-tests.ts


================================================================================
TEMPLE PLATFORM - COMPREHENSIVE TEST SUITE
================================================================================
Started at: 11/22/2025, 5:49:02 PM
Base URL: http://localhost:3000
================================================================================
Checking if server is running...
Γ£ô Server is running at http://localhost:3000

Fetching Springfield Church tenant...
Γ£ô Found Springfield Church tenant: cmi3atear0014ums4fuftaa9r

Γ£ô Using tenant ID for page tests: cmi3atear0014ums4fuftaa9r

============================================================
STARTING FILE UPLOAD TESTS (Phase F2)
============================================================

Γû╢ Testing: Upload - Setup - Setup: Login and get tenant
DEBUG: authToken: PRESENT
DEBUG: testTenantId: null
DEBUG: Cookie Header: next-auth.callback-url=http%3A%2F%2Flocalhost%3A30...
Γ£ô PASS: Upload - Setup - Setup: Login and get tenant (322ms)

Γû╢ Testing: Upload - Image - POST /api/upload (valid image)
DEBUG: testImageUpload - authToken: PRESENT
DEBUG: testImageUpload - testTenantId: null
ΓÜá ERROR: Upload - Image - POST /api/upload (valid image) (1ms)
  Error: Not authenticated or no tenant

Γû╢ Testing: Upload - Document - POST /api/upload (PDF document)
ΓÜá ERROR: Upload - Document - POST /api/upload (PDF document) (3ms)
  Error: Not authenticated or no tenant

Γû╢ Testing: Upload - Validation - POST /api/upload (invalid file type)
ΓÜá ERROR: Upload - Validation - POST /api/upload (invalid file type) (0ms)
  Error: Not authenticated or no tenant

Γû╢ Testing: Upload - Validation - POST /api/upload (file too large)
ΓÜá ERROR: Upload - Validation - POST /api/upload (file too large) (0ms)
  Error: Not authenticated or no tenant

Γû╢ Testing: Upload - Security - POST /api/upload (no auth)
Γ£ô PASS: Upload - Security - POST /api/upload (no auth) (63ms)

Γû╢ Testing: Upload - Storage Info - GET /api/upload/storage-info
ΓÜá ERROR: Upload - Storage Info - GET /api/upload/storage-info (0ms)
  Error: Not authenticated or no tenant

Γû╢ Testing: Upload - Delete - DELETE /api/upload/delete (authorized)
ΓÜá ERROR: Upload - Delete - DELETE /api/upload/delete (authorized) (0ms)
  Error: No files to delete

Γû╢ Testing: Upload - Security - DELETE /api/upload/delete (no auth)
Γ£ô PASS: Upload - Security - DELETE /api/upload/delete (no auth) (143ms)

================================================================================
ALL TESTS COMPLETED
================================================================================
Total Duration: 0.56s

============================================================
TEST SUMMARY
============================================================
Total Tests: 9
Γ£ô Passed:    3
Γ£ù Failed:    0
ΓÜá Errors:    6
Γèÿ Skipped:   0
Duration:    0.53s
============================================================


≡ƒôè Test results saved to ./test-results
   - Detailed results: test-results-2025-11-22T23-49-03-674Z.json
   - Summary: test-summary-2025-11-22T23-49-03-674Z.json
   - Issues only: test-issues-2025-11-22T23-49-03-674Z.json
   - Readable report: test-report-2025-11-22T23-49-03-674Z.txt

================================================================================
NEXT STEPS:
================================================================================
1. Review the test report in: test-results/test-report-*.txt
2. Check detailed issues in: test-results/test-issues-*.json
3. Fix the failing tests systematically
4. Re-run the tests to verify fixes
================================================================================

